// Jest Snapshot v1, https://goo.gl/fbAQLP

exports[`Editor Rendering 1 1`] = `
[
  <div
    style={
      {
        "borderBottom": "thin solid #D3D3D3",
        "height": "40px",
        "overflowY": "hidden",
      }
    }
  >
    <div
      style={
        {
          "backgroundColor": "#F2F2F2",
          "fontFamily": "Arial",
          "fontSize": "13px",
          "height": "80px",
          "left": 0,
          "outline": "none",
          "overflowX": "scroll",
          "overflowY": "hidden",
          "paddingBottom": 0,
          "paddingTop": 0,
          "right": 0,
          "textAlign": "center",
        }
      }
    >
      <div
        style={
          {
            "float": "left",
            "width": "550px",
          }
        }
      >
        <div
          style={
            {
              "alignItems": "center",
              "display": "flex",
              "float": "left",
              "height": "40px",
              "margin": 0,
            }
          }
        >
          <div
            className="arduinosimulator_menu_item"
            onClick={[Function]}
            style={
              {
                "MozUserSelect": "none",
                "WebkitUserSelect": "none",
                "backgroundColor": "#F2F2F2",
                "border": "thin solid #F2F2F2",
                "cursor": "default",
                "display": "block",
                "fontFamily": "Arial",
                "fontSize": "15px",
                "height": "28px",
                "lineHeight": "32px",
                "marginLeft": "3px",
                "minWidth": "28px",
                "paddingBottom": "1px",
                "paddingTop": "3px",
                "userSelect": "none",
              }
            }
          >
            <svg
              height={16}
              viewBox="0 0 1000 1000"
              width={16}
            >
              <path
                d="M903 761l-142 142q-24 24 -64 40.5t-73 16.5h-480q-33 0 -56.5 -23.5t-23.5 -56.5v-864q0 -33 23.5 -56.5t56.5 -23.5h736q33 0 56.5 23.5t23.5 56.5v608q0 33 -16.5 73t-40.5 64zM858 715q3 -2 5 -5l4 -6h-163v163l6 -4t5 -5zM896 16q0 -7 -4.5 -11.5t-11.5 -4.5h-736 q-7 0 -11.5 4.5t-4.5 11.5v864q0 7 4.5 11.5t11.5 4.5h480q4 0 8 -0.5t8 -1.5v-254h254q1 -4 1.5 -8t0.5 -8v-608z"
                transform="translate(0 930) scale(-1,1) rotate(180)"
              />
            </svg>
          </div>
        </div>
        <div
          style={
            {
              "alignItems": "center",
              "display": "flex",
              "float": "left",
              "height": "40px",
              "margin": 0,
            }
          }
        >
          <div
            className="arduinosimulator_menu_item"
            onClick={[Function]}
            style={
              {
                "MozUserSelect": "none",
                "WebkitUserSelect": "none",
                "backgroundColor": "#F2F2F2",
                "border": "thin solid #F2F2F2",
                "cursor": "default",
                "display": "block",
                "fontFamily": "Arial",
                "fontSize": "15px",
                "height": "28px",
                "lineHeight": "32px",
                "marginLeft": "3px",
                "minWidth": "28px",
                "paddingBottom": "1px",
                "paddingTop": "3px",
                "userSelect": "none",
              }
            }
          >
            <svg
              height={16}
              viewBox="0 0 576 512"
              width={16}
            >
              <path
                d="M572.694 292.093L500.27 416.248A63.997 63.997 0 0 1 444.989 448H45.025c-18.523 0-30.064-20.093-20.731-36.093l72.424-124.155A64 64 0 0 1 152 256h399.964c18.523 0 30.064 20.093 20.73 36.093zM152 224h328v-48c0-26.51-21.49-48-48-48H272l-64-64H48C21.49 64 0 85.49 0 112v278.046l69.077-118.418C86.214 242.25 117.989 224 152 224z"
                transform="translate(0 -60) scale(1,1.2)"
              />
            </svg>
          </div>
        </div>
        <div
          style={
            {
              "alignItems": "center",
              "display": "flex",
              "float": "left",
              "height": "40px",
              "margin": 0,
            }
          }
        >
          <div
            className="arduinosimulator_menu_item"
            onClick={[Function]}
            style={
              {
                "MozUserSelect": "none",
                "WebkitUserSelect": "none",
                "backgroundColor": "#F2F2F2",
                "border": "thin solid #F2F2F2",
                "cursor": "default",
                "display": "block",
                "fontFamily": "Arial",
                "fontSize": "15px",
                "height": "28px",
                "lineHeight": "32px",
                "marginLeft": "3px",
                "minWidth": "28px",
                "paddingBottom": "1px",
                "paddingTop": "3px",
                "userSelect": "none",
              }
            }
          >
            <svg
              height={16}
              viewBox="0 0 1000 1000"
              width={16}
            >
              <path
                d="M896 960h-896v-1024h1024v896zM512 832h128v-256h-128v256zM896 64h-768v768h64v-320h576v320h75l53 -53v-715z"
                transform="translate(-10 930) scale(-1,1) rotate(180)"
              />
            </svg>
          </div>
        </div>
        <div
          style={
            {
              "borderLeft": "thin solid #D3D3D3",
              "float": "left",
              "height": "100px",
              "marginLeft": "5px",
              "width": "1px",
            }
          }
        />
        <div
          style={
            {
              "alignItems": "center",
              "display": "flex",
              "float": "left",
              "height": "40px",
              "margin": 0,
            }
          }
        >
          <div
            className="arduinosimulator_menu_item"
            onClick={[Function]}
            style={
              {
                "MozUserSelect": "none",
                "WebkitUserSelect": "none",
                "backgroundColor": "#F2F2F2",
                "border": "thin solid #F2F2F2",
                "cursor": "default",
                "display": "block",
                "fontFamily": "Arial",
                "fontSize": "15px",
                "height": "28px",
                "lineHeight": "32px",
                "marginLeft": "3px",
                "minWidth": "28px",
                "paddingBottom": "1px",
                "paddingTop": "3px",
                "userSelect": "none",
              }
            }
          >
            <svg
              height={16}
              viewBox="0 0 1000 1000"
              width={16}
            >
              <path
                d="M762 -64q43 77 62 168t-9 168t-113.5 127.5t-253.5 46.5v-254l-384 384l384 384v-248q201 5 314.5 -73t148.5 -196t-4.5 -255.5t-144.5 -251.5z"
                transform="translate(0 930) scale(-1,1) rotate(180)"
              />
            </svg>
          </div>
        </div>
        <div
          style={
            {
              "alignItems": "center",
              "display": "flex",
              "float": "left",
              "height": "40px",
              "margin": 0,
            }
          }
        >
          <div
            className="arduinosimulator_menu_item"
            onClick={[Function]}
            style={
              {
                "MozUserSelect": "none",
                "WebkitUserSelect": "none",
                "backgroundColor": "#F2F2F2",
                "border": "thin solid #F2F2F2",
                "cursor": "default",
                "display": "block",
                "fontFamily": "Arial",
                "fontSize": "15px",
                "height": "28px",
                "lineHeight": "32px",
                "marginLeft": "3px",
                "minWidth": "28px",
                "paddingBottom": "1px",
                "paddingTop": "3px",
                "userSelect": "none",
              }
            }
          >
            <svg
              height={16}
              viewBox="0 0 1000 1000"
              width={16}
            >
              <path
                d="M576 712v248l384 -384l-384 -384v254q-168 4 -253.5 -46.5t-113.5 -127.5t-9 -168t62 -168q-105 114 -144.5 251.5t-4.5 255.5t148.5 196t314.5 73v0z"
                transform="translate(0 930) scale(-1,1) rotate(180)"
              />
            </svg>
          </div>
        </div>
        <div
          style={
            {
              "borderLeft": "thin solid #D3D3D3",
              "float": "left",
              "height": "100px",
              "marginLeft": "5px",
              "width": "1px",
            }
          }
        />
        <div
          style={
            {
              "alignItems": "center",
              "display": "flex",
              "float": "left",
              "height": "40px",
              "margin": 0,
            }
          }
        >
          <div
            className="arduinosimulator_menu_item"
            onClick={[Function]}
            style={
              {
                "MozUserSelect": "none",
                "WebkitUserSelect": "none",
                "backgroundColor": "#F2F2F2",
                "border": "thin solid #F2F2F2",
                "cursor": "default",
                "display": "block",
                "fontFamily": "Arial",
                "fontSize": "15px",
                "height": "28px",
                "lineHeight": "32px",
                "marginLeft": "3px",
                "minWidth": "28px",
                "paddingBottom": "1px",
                "paddingTop": "3px",
                "userSelect": "none",
              }
            }
          >
            <svg
              height={24}
              viewBox="0 0 24 24"
              width={24}
            >
              <path
                d="M11,5 C8.24078475,5 6,7.24078475 6,10 C6,12.7592153 8.24078475,15 11,15 C13.7592153,15 16,12.7592153 16,10 C16,7.24078475 13.7592153,5 11,5 Z M16.1517226,14.737509 L19.7071068,18.2928932 C20.0976311,18.6834175 20.0976311,19.3165825 19.7071068,19.7071068 C19.3165825,20.0976311 18.6834175,20.0976311 18.2928932,19.7071068 L14.5932864,16.0075 C13.5426554,16.6376337 12.3133603,17 11,17 C7.13621525,17 4,13.8637847 4,10 C4,6.13621525 7.13621525,3 11,3 C14.8637847,3 18,6.13621525 18,10 C18,11.826606 17.2990779,13.4906052 16.1517226,14.737509 Z"
                transform="translate(0 2)"
              />
            </svg>
          </div>
        </div>
        <div
          style={
            {
              "borderLeft": "thin solid #D3D3D3",
              "float": "left",
              "height": "100px",
              "marginLeft": "5px",
              "width": "1px",
            }
          }
        />
        <div
          style={
            {
              "alignItems": "center",
              "display": "flex",
              "float": "left",
              "height": "40px",
              "margin": 0,
            }
          }
        >
          <div
            className="arduinosimulator_menu_item"
            onClick={[Function]}
            style={
              {
                "MozUserSelect": "none",
                "WebkitUserSelect": "none",
                "backgroundColor": "#F2F2F2",
                "border": "thin solid #F2F2F2",
                "cursor": "default",
                "display": "block",
                "fontFamily": "Arial",
                "fontSize": "15px",
                "height": "28px",
                "lineHeight": "32px",
                "marginLeft": "3px",
                "minWidth": "28px",
                "paddingBottom": "1px",
                "paddingTop": "3px",
                "userSelect": "none",
              }
            }
          >
            <div
              style={
                {
                  "alignItems": "center",
                  "display": "flex",
                  "float": "left",
                  "height": "28px",
                  "margin": 0,
                  "paddingLeft": "5px",
                  "paddingRight": "5px",
                }
              }
            >
              <svg
                height={28}
                opacity={1}
                viewBox="0 0 108 108"
                width={28}
              >
                <polygon
                  fill="fill:#0d5b9e;"
                  points="10 87 10 70 6 67 6 34 10 31 10 26 96 26 96 87 10 87"
                />
                <path
                  d="M97,88H9V70.5l-4-3v-34l4-3V25H97V88ZM11,86H95V27H11v4.5l-4,3v32l4,3V86Z"
                  fill="#33363a"
                />
                <polygon
                  fill="#009be8"
                  points="10 83 10 66 6 63 6 30 10 27 10 22 96 22 96 83 10 83"
                />
                <path
                  d="M97,84H9V66.5l-4-3v-34l4-3V21H97V84ZM11,82H95V23H11v4.5l-4,3v32l4,3V82Z"
                  fill="#33363a"
                />
                <rect
                  fill="#5e6a70"
                  height="44"
                  transform="translate(74.5 4.5) rotate(90)"
                  width="9"
                  x="30.5"
                  y="17.5"
                />
                <path
                  d="M58,45H12V34H58V45ZM14,43H56V36H14v7Z"
                  fill="#33363a"
                />
                <rect
                  fill="#7d8d95"
                  height="43"
                  transform="translate(71 2) rotate(90)"
                  width="9"
                  x="30"
                  y="15"
                />
                <path
                  d="M58,41H12V30H58V41ZM14,39H56V32H14v7Z"
                  fill="#33363a"
                />
                <rect
                  fill="#5e6a70"
                  height="56"
                  transform="translate(116.5 32.5) rotate(90)"
                  width="9"
                  x="37.5"
                  y="46.5"
                />
                <path
                  d="M71,80H13V69H71V80ZM15,78H69V71H15v7Z"
                  fill="#33363a"
                />
                <rect
                  fill="#7d8d95"
                  height="55"
                  transform="translate(110.5 27.5) rotate(90)"
                  width="4"
                  x="39.5"
                  y="41.5"
                />
                <path
                  d="M71,73H13V65H71v8ZM15,71H69V67H15v4Z"
                  fill="#33363a"
                />
                <path
                  d="M22,49H16V39h6V49Zm-4-2h2V41H18v6Z"
                  fill="#33363a"
                />
                <path
                  d="M22,32H16V26h6v6Zm-4-2h2V28H18v2Z"
                  fill="#33363a"
                />
                <path
                  d="M30,49H24V39h6V49Zm-4-2h2V41H26v6Z"
                  fill="#33363a"
                />
                <path
                  d="M38,49H32V39h6V49Zm-4-2h2V41H34v6Z"
                  fill="#33363a"
                />
                <path
                  d="M46,49H40V39h6V49Zm-4-2h2V41H42v6Z"
                  fill="#33363a"
                />
                <path
                  d="M54,49H48V39h6V49Zm-4-2h2V41H50v6Z"
                  fill="#33363a"
                />
                <rect
                  fill="#d8e5ea"
                  height="3"
                  width="2"
                  x="18"
                  y="41"
                />
                <rect
                  fill="#d8e5ea"
                  height="2"
                  width="2"
                  x="18"
                  y="28"
                />
                <path
                  d="M30,32H24V26h6v6Zm-4-2h2V28H26v2Z"
                  fill="#33363a"
                />
                <rect
                  fill="#d8e5ea"
                  height="2"
                  width="2"
                  x="26"
                  y="28"
                />
                <path
                  d="M38,32H32V26h6v6Zm-4-2h2V28H34v2Z"
                  fill="#33363a"
                />
                <rect
                  fill="#d8e5ea"
                  height="2"
                  width="2"
                  x="34"
                  y="28"
                />
                <path
                  d="M46,32H40V26h6v6Zm-4-2h2V28H42v2Z"
                  fill="#33363a"
                />
                <rect
                  fill="#d8e5ea"
                  height="2"
                  width="2"
                  x="42"
                  y="28"
                />
                <path
                  d="M54,32H48V26h6v6Zm-4-2h2V28H50v2Z"
                  fill="#33363a"
                />
                <rect
                  fill="#d8e5ea"
                  height="2"
                  width="2"
                  x="50"
                  y="28"
                />
                <rect
                  fill="#81959d"
                  height="3"
                  width="2"
                  x="18"
                  y="44"
                />
                <rect
                  fill="#d8e5ea"
                  height="3"
                  width="2"
                  x="26"
                  y="41"
                />
                <rect
                  fill="#81959d"
                  height="3"
                  width="2"
                  x="26"
                  y="44"
                />
                <rect
                  fill="#d8e5ea"
                  height="3"
                  width="2"
                  x="34"
                  y="41"
                />
                <rect
                  fill="#81959d"
                  height="3"
                  width="2"
                  x="34"
                  y="44"
                />
                <rect
                  fill="#d8e5ea"
                  height="3"
                  width="2"
                  x="42"
                  y="41"
                />
                <rect
                  fill="#81959d"
                  height="3"
                  width="2"
                  x="42"
                  y="44"
                />
                <rect
                  fill="#d8e5ea"
                  height="3"
                  width="2"
                  x="50"
                  y="41"
                />
                <rect
                  fill="#81959d"
                  height="3"
                  width="2"
                  x="50"
                  y="44"
                />
                <rect
                  fill="#5e6a70"
                  height="2"
                  width="2"
                  x="17"
                  y="68"
                />
                <rect
                  fill="#5e6a70"
                  height="2"
                  width="2"
                  x="21"
                  y="68"
                />
                <rect
                  fill="#5e6a70"
                  height="2"
                  width="2"
                  x="25"
                  y="68"
                />
                <rect
                  fill="#5e6a70"
                  height="2"
                  width="2"
                  x="29"
                  y="68"
                />
                <rect
                  fill="#5e6a70"
                  height="2"
                  width="2"
                  x="33"
                  y="68"
                />
                <rect
                  fill="#5e6a70"
                  height="2"
                  width="2"
                  x="37"
                  y="68"
                />
                <rect
                  fill="#5e6a70"
                  height="2"
                  width="2"
                  x="41"
                  y="68"
                />
                <rect
                  fill="#5e6a70"
                  height="2"
                  width="2"
                  x="45"
                  y="68"
                />
                <rect
                  fill="#5e6a70"
                  height="2"
                  width="2"
                  x="49"
                  y="68"
                />
                <rect
                  fill="#5e6a70"
                  height="2"
                  width="2"
                  x="53"
                  y="68"
                />
                <rect
                  fill="#5e6a70"
                  height="2"
                  width="2"
                  x="57"
                  y="68"
                />
                <rect
                  fill="#5e6a70"
                  height="2"
                  width="2"
                  x="61"
                  y="68"
                />
                <rect
                  fill="#5e6a70"
                  height="2"
                  width="2"
                  x="65"
                  y="68"
                />
                <rect
                  fill="#5e6a70"
                  height="17"
                  transform="translate(133 -54) rotate(90)"
                  width="9"
                  x="89"
                  y="31"
                />
                <path
                  d="M103,45H84V34h19V45ZM86,43h15V36H86v7Z"
                  fill="#33363a"
                />
                <rect
                  fill="#7d8d95"
                  height="17"
                  transform="translate(127 -60) rotate(90)"
                  width="9"
                  x="89"
                  y="25"
                />
                <path
                  d="M103,39H84V28h19V39ZM86,37h15V30H86v7Z"
                  fill="#33363a"
                />
                <rect
                  fill="#81959d"
                  height="25"
                  transform="translate(148 -31) rotate(90)"
                  width="9"
                  x="85"
                  y="46"
                />
                <path
                  d="M103,64H76V53h27V64ZM78,62h23V55H78v7Z"
                  fill="#33363a"
                />
                <rect
                  fill="#d8e5ea"
                  height="25"
                  transform="translate(142 -37) rotate(90)"
                  width="9"
                  x="85"
                  y="40"
                />
                <polyline
                  fill="#f0fbfc"
                  points="91.22 48 87.29 57 85 57 89 48"
                />
                <polyline
                  fill="#f0fbfc"
                  points="94 48 90 57 89 57 93 48"
                />
                <path
                  d="M103,58H76V47h27V58ZM78,56h23V49H78v7Z"
                  fill="#33363a"
                />
                <path
                  d="M73,33v8c0,1.66,1.79,3,4,3s4-1.34,4-3V33H73Z"
                  fill="#f0fbfc"
                />
                <polygon
                  fill="#d8e5ea"
                  points="78 44 81 42.19 81 33 78 33 78 44"
                />
                <path
                  d="M77,45c-2.76,0-5-1.79-5-4V33a1,1,0,0,1,1-1h8a1,1,0,0,1,1,1v8C82,43.21,79.76,45,77,45ZM74,34v7c0,1.08,1.37,2,3,2s3-.92,3-2V34H74Z"
                  fill="#33363a"
                />
                <ellipse
                  cx="77"
                  cy="33"
                  fill="#d8e5ea"
                  rx="4"
                  ry="3"
                />
                <path
                  d="M77,37c-2.76,0-5-1.79-5-4s2.24-4,5-4,5,1.79,5,4S79.76,37,77,37Zm0-6c-1.63,0-3,.92-3,2s1.37,2,3,2,3-.92,3-2S78.63,31,77,31Z"
                  fill="#33363a"
                />
                <path
                  d="M61,35v6c0,1.66,1.79,3,4,3s4-1.34,4-3V35H61Z"
                  fill="#f0fbfc"
                />
                <polygon
                  fill="#d8e5ea"
                  points="66 44 69 42.19 69 35 66 35 66 44"
                />
                <path
                  d="M65,45c-2.76,0-5-1.79-5-4V35a1,1,0,0,1,1-1h8a1,1,0,0,1,1,1v6C70,43.21,67.76,45,65,45Zm-3-9v5c0,1.08,1.37,2,3,2s3-.92,3-2V36H62Z"
                  fill="#33363a"
                />
                <ellipse
                  cx="65"
                  cy="35"
                  fill="#d8e5ea"
                  rx="4"
                  ry="3"
                />
                <path
                  d="M65,39c-2.76,0-5-1.79-5-4s2.24-4,5-4,5,1.79,5,4S67.76,39,65,39Zm0-6c-1.63,0-3,.92-3,2s1.37,2,3,2,3-.92,3-2S66.63,33,65,33Z"
                  fill="#33363a"
                />
                <rect
                  fill="#d8e5ea"
                  height="11"
                  width="14"
                  x="78"
                  y="68"
                />
                <path
                  d="M93,80H77V67H93V80ZM79,78H91V69H79v9Z"
                  fill="#33363a"
                />
                <path
                  d="M81,69v4c0,1.66,1.79,3,4,3s4-1.34,4-3V69H81Z"
                  fill="#d60807"
                />
                <polygon
                  fill="#b50a0b"
                  points="85 76 89 74.19 89 69 85 69 85 76"
                />
                <path
                  d="M85,77c-2.76,0-5-1.79-5-4V69a1,1,0,0,1,1-1h8a1,1,0,0,1,1,1v4C90,75.21,87.76,77,85,77Zm-3-7v3c0,1.08,1.37,2,3,2s3-.92,3-2V70H82Z"
                  fill="#33363a"
                />
                <ellipse
                  cx="85"
                  cy="69"
                  fill="#d60807"
                  rx="4"
                  ry="3"
                />
                <path
                  d="M85,73c-2.76,0-5-1.79-5-4s2.24-4,5-4,5,1.79,5,4S87.76,73,85,73Zm0-6c-1.63,0-3,.92-3,2s1.37,2,3,2,3-.92,3-2S86.63,67,85,67Z"
                  fill="#33363a"
                />
                <rect
                  fill="#899ba2"
                  height="2"
                  width="15"
                  x="86"
                  y="30"
                />
                <rect
                  fill="#899ba2"
                  height="2"
                  width="42"
                  x="14"
                  y="32"
                />
              </svg>
              <div
                style={
                  {
                    "MozUserSelect": "none",
                    "WebkitUserSelect": "none",
                    "color": "#000",
                    "float": "left",
                    "fontFamily": "Arial",
                    "fontSize": "13px",
                    "lineHeight": 2.7,
                    "marginLeft": "6px",
                    "marginRight": "0px",
                    "userSelect": "none",
                  }
                }
              >
                UNO R3
              </div>
            </div>
          </div>
        </div>
        <div
          style={
            {
              "borderLeft": "thin solid #D3D3D3",
              "float": "left",
              "height": "100px",
              "marginLeft": "5px",
              "width": "1px",
            }
          }
        />
        <div
          style={
            {
              "alignItems": "center",
              "display": "flex",
              "float": "left",
              "height": "40px",
              "margin": 0,
            }
          }
        >
          <div
            className="arduinosimulator_menu_item"
            onClick={[Function]}
            style={
              {
                "MozUserSelect": "none",
                "WebkitUserSelect": "none",
                "backgroundColor": "#F2F2F2",
                "border": "thin solid #F2F2F2",
                "cursor": "default",
                "display": "block",
                "fontFamily": "Arial",
                "fontSize": "15px",
                "height": "28px",
                "lineHeight": "32px",
                "marginLeft": "3px",
                "minWidth": "28px",
                "paddingBottom": "1px",
                "paddingTop": "3px",
                "userSelect": "none",
              }
            }
          >
            <svg
              height={17}
              id="arduino_simulator_start_icon"
              viewBox="0 0 56.693 56.693"
              width={17}
            >
              <path
                d="M46.279,26.484L20.113,7.48c-0.957-0.695-2.228-0.796-3.278-0.258c-1.056,0.537-1.721,1.622-1.721,2.807  v38.009c0,1.184,0.665,2.268,1.721,2.805c0.45,0.23,0.939,0.344,1.429,0.344c0.652,0,1.303-0.203,1.85-0.602l26.166-19.006  c0.818-0.594,1.298-1.539,1.298-2.548C47.577,28.023,47.094,27.077,46.279,26.484z"
              />
            </svg>
          </div>
        </div>
        <div
          style={
            {
              "borderLeft": "thin solid #D3D3D3",
              "float": "left",
              "height": "100px",
              "marginLeft": "5px",
              "width": "1px",
            }
          }
        />
        <div
          style={
            {
              "alignItems": "center",
              "display": "flex",
              "float": "left",
              "height": "40px",
              "margin": 0,
            }
          }
        >
          <div
            style={
              {
                "MozUserSelect": "none",
                "WebkitUserSelect": "none",
                "cursor": "default",
                "float": "left",
                "fontFamily": "Arial",
                "fontSize": "13px",
                "lineHeight": 2.7,
                "marginLeft": "6px",
                "marginRight": "0px",
                "userSelect": "none",
              }
            }
          >
            Untitled.ino
          </div>
        </div>
      </div>
    </div>
  </div>,
  <input
    onChange={[Function]}
    style={
      {
        "display": "none",
      }
    }
    type="file"
  />,
  <div
    style={
      {
        "bottom": "252px",
        "left": 0,
        "margin": 0,
        "padding": 0,
        "position": "fixed",
        "right": 0,
        "top": "41px",
      }
    }
  >
    <div
      id="arduinosimulator_textcode"
      style={
        {
          "bottom": 0,
          "left": 0,
          "position": "absolute",
          "right": 0,
          "top": 0,
        }
      }
    />
  </div>,
  <div
    style={
      {
        "backgroundColor": "#F2F2F2",
        "borderLeft": "1px solid #D3D3D3",
        "borderTop": "1px solid #D3D3D3",
        "bottom": 0,
        "height": "251px",
        "left": 0,
        "overflowX": "hidden",
        "position": "fixed",
        "right": 0,
      }
    }
  >
    <div
      style={
        {
          "height": "26px",
          "overflowY": "hidden",
        }
      }
    >
      <div
        style={
          {
            "height": "80px",
            "outline": "none",
            "overflowX": "scroll",
            "overflowY": "hidden",
          }
        }
      >
        <div
          style={
            {
              "float": "left",
              "width": "550px",
            }
          }
        >
          <div
            style={
              {
                "cursor": "default",
                "float": "left",
                "fontFamily": "Arial",
                "fontSize": "13px",
                "fontWeight": "bold",
                "lineHeight": 2,
                "marginLeft": "7px",
                "marginRight": "1px",
              }
            }
          >
            DIGITAL PINS
          </div>
          <div
            style={
              {
                "alignItems": "center",
                "backgroundColor": "red",
                "borderRadius": "16px",
                "color": "white",
                "cursor": "default",
                "display": "flex",
                "float": "left",
                "fontFamily": "Arial",
                "fontSize": "11px",
                "height": "16px",
                "justifyContent": "center",
                "marginLeft": "4px",
                "marginTop": "4px",
                "width": "16px",
              }
            }
          >
            0
          </div>
          <div
            style={
              {
                "alignItems": "center",
                "backgroundColor": "red",
                "borderRadius": "16px",
                "color": "white",
                "cursor": "default",
                "display": "flex",
                "float": "left",
                "fontFamily": "Arial",
                "fontSize": "11px",
                "height": "16px",
                "justifyContent": "center",
                "marginLeft": "4px",
                "marginTop": "4px",
                "width": "16px",
              }
            }
          >
            1
          </div>
          <div
            style={
              {
                "alignItems": "center",
                "backgroundColor": "red",
                "borderRadius": "16px",
                "color": "white",
                "cursor": "default",
                "display": "flex",
                "float": "left",
                "fontFamily": "Arial",
                "fontSize": "11px",
                "height": "16px",
                "justifyContent": "center",
                "marginLeft": "4px",
                "marginTop": "4px",
                "width": "16px",
              }
            }
          >
            2
          </div>
          <div
            style={
              {
                "alignItems": "center",
                "backgroundColor": "red",
                "borderRadius": "16px",
                "color": "white",
                "cursor": "default",
                "display": "flex",
                "float": "left",
                "fontFamily": "Arial",
                "fontSize": "11px",
                "height": "16px",
                "justifyContent": "center",
                "marginLeft": "4px",
                "marginTop": "4px",
                "width": "16px",
              }
            }
          >
            3
          </div>
          <div
            style={
              {
                "alignItems": "center",
                "backgroundColor": "red",
                "borderRadius": "16px",
                "color": "white",
                "cursor": "default",
                "display": "flex",
                "float": "left",
                "fontFamily": "Arial",
                "fontSize": "11px",
                "height": "16px",
                "justifyContent": "center",
                "marginLeft": "4px",
                "marginTop": "4px",
                "width": "16px",
              }
            }
          >
            4
          </div>
          <div
            style={
              {
                "alignItems": "center",
                "backgroundColor": "red",
                "borderRadius": "16px",
                "color": "white",
                "cursor": "default",
                "display": "flex",
                "float": "left",
                "fontFamily": "Arial",
                "fontSize": "11px",
                "height": "16px",
                "justifyContent": "center",
                "marginLeft": "4px",
                "marginTop": "4px",
                "width": "16px",
              }
            }
          >
            5
          </div>
          <div
            style={
              {
                "alignItems": "center",
                "backgroundColor": "red",
                "borderRadius": "16px",
                "color": "white",
                "cursor": "default",
                "display": "flex",
                "float": "left",
                "fontFamily": "Arial",
                "fontSize": "11px",
                "height": "16px",
                "justifyContent": "center",
                "marginLeft": "4px",
                "marginTop": "4px",
                "width": "16px",
              }
            }
          >
            6
          </div>
          <div
            style={
              {
                "alignItems": "center",
                "backgroundColor": "red",
                "borderRadius": "16px",
                "color": "white",
                "cursor": "default",
                "display": "flex",
                "float": "left",
                "fontFamily": "Arial",
                "fontSize": "11px",
                "height": "16px",
                "justifyContent": "center",
                "marginLeft": "4px",
                "marginTop": "4px",
                "width": "16px",
              }
            }
          >
            7
          </div>
          <div
            style={
              {
                "alignItems": "center",
                "backgroundColor": "red",
                "borderRadius": "16px",
                "color": "white",
                "cursor": "default",
                "display": "flex",
                "float": "left",
                "fontFamily": "Arial",
                "fontSize": "11px",
                "height": "16px",
                "justifyContent": "center",
                "marginLeft": "4px",
                "marginTop": "4px",
                "width": "16px",
              }
            }
          >
            8
          </div>
          <div
            style={
              {
                "alignItems": "center",
                "backgroundColor": "red",
                "borderRadius": "16px",
                "color": "white",
                "cursor": "default",
                "display": "flex",
                "float": "left",
                "fontFamily": "Arial",
                "fontSize": "11px",
                "height": "16px",
                "justifyContent": "center",
                "marginLeft": "4px",
                "marginTop": "4px",
                "width": "16px",
              }
            }
          >
            9
          </div>
          <div
            style={
              {
                "alignItems": "center",
                "backgroundColor": "red",
                "borderRadius": "16px",
                "color": "white",
                "cursor": "default",
                "display": "flex",
                "float": "left",
                "fontFamily": "Arial",
                "fontSize": "11px",
                "height": "16px",
                "justifyContent": "center",
                "marginLeft": "4px",
                "marginTop": "4px",
                "width": "16px",
              }
            }
          >
            10
          </div>
          <div
            style={
              {
                "alignItems": "center",
                "backgroundColor": "red",
                "borderRadius": "16px",
                "color": "white",
                "cursor": "default",
                "display": "flex",
                "float": "left",
                "fontFamily": "Arial",
                "fontSize": "11px",
                "height": "16px",
                "justifyContent": "center",
                "marginLeft": "4px",
                "marginTop": "4px",
                "width": "16px",
              }
            }
          >
            11
          </div>
          <div
            style={
              {
                "alignItems": "center",
                "backgroundColor": "red",
                "borderRadius": "16px",
                "color": "white",
                "cursor": "default",
                "display": "flex",
                "float": "left",
                "fontFamily": "Arial",
                "fontSize": "11px",
                "height": "16px",
                "justifyContent": "center",
                "marginLeft": "4px",
                "marginTop": "4px",
                "width": "16px",
              }
            }
          >
            12
          </div>
        </div>
      </div>
    </div>
    <div
      style={
        {
          "height": "26px",
          "overflowY": "hidden",
        }
      }
    >
      <div
        style={
          {
            "height": "80px",
            "outline": "none",
            "overflowX": "scroll",
            "overflowY": "hidden",
          }
        }
      >
        <div
          style={
            {
              "float": "left",
              "width": "550px",
            }
          }
        >
          <div
            style={
              {
                "cursor": "default",
                "float": "left",
                "fontFamily": "Arial",
                "fontSize": "13px",
                "fontWeight": "bold",
                "lineHeight": 2,
                "marginLeft": "7px",
                "marginRight": "1px",
              }
            }
          >
            ANALOG PINS
          </div>
          <div
            style={
              {
                "alignItems": "center",
                "backgroundColor": "black",
                "borderRadius": "16px",
                "color": "white",
                "cursor": "default",
                "display": "flex",
                "float": "left",
                "fontFamily": "Arial",
                "fontSize": "11px",
                "height": "16px",
                "justifyContent": "center",
                "marginLeft": "4px",
                "marginTop": "4px",
                "width": "40px",
              }
            }
          >
            0
          </div>
          <div
            style={
              {
                "alignItems": "center",
                "backgroundColor": "black",
                "borderRadius": "16px",
                "color": "white",
                "cursor": "default",
                "display": "flex",
                "float": "left",
                "fontFamily": "Arial",
                "fontSize": "11px",
                "height": "16px",
                "justifyContent": "center",
                "marginLeft": "4px",
                "marginTop": "4px",
                "width": "40px",
              }
            }
          >
            0
          </div>
          <div
            style={
              {
                "alignItems": "center",
                "backgroundColor": "black",
                "borderRadius": "16px",
                "color": "white",
                "cursor": "default",
                "display": "flex",
                "float": "left",
                "fontFamily": "Arial",
                "fontSize": "11px",
                "height": "16px",
                "justifyContent": "center",
                "marginLeft": "4px",
                "marginTop": "4px",
                "width": "40px",
              }
            }
          >
            0
          </div>
          <div
            style={
              {
                "alignItems": "center",
                "backgroundColor": "black",
                "borderRadius": "16px",
                "color": "white",
                "cursor": "default",
                "display": "flex",
                "float": "left",
                "fontFamily": "Arial",
                "fontSize": "11px",
                "height": "16px",
                "justifyContent": "center",
                "marginLeft": "4px",
                "marginTop": "4px",
                "width": "40px",
              }
            }
          >
            0
          </div>
          <div
            style={
              {
                "alignItems": "center",
                "backgroundColor": "black",
                "borderRadius": "16px",
                "color": "white",
                "cursor": "default",
                "display": "flex",
                "float": "left",
                "fontFamily": "Arial",
                "fontSize": "11px",
                "height": "16px",
                "justifyContent": "center",
                "marginLeft": "4px",
                "marginTop": "4px",
                "width": "40px",
              }
            }
          >
            0
          </div>
        </div>
      </div>
    </div>
    <div
      style={
        {
          "backgroundColor": "#F2F2F2",
          "borderBottom": "1px solid #D3D3D3",
        }
      }
    >
      <div
        style={
          {
            "cursor": "default",
            "float": "left",
            "fontFamily": "Arial",
            "fontSize": "13px",
            "fontWeight": "bold",
            "lineHeight": 2,
            "marginLeft": "7px",
            "marginRight": "1px",
          }
        }
      >
        SERIAL MONITOR
      </div>
      <div
        style={
          {
            "display": "flex",
            "width": "100%",
          }
        }
      >
        <input
          onChange={[Function]}
          onKeyUp={[Function]}
          readOnly={true}
          style={
            {
              "WebkitAppearance": "none",
              "backgroundColor": "#D9D9D9",
              "border": "1px solid silver",
              "borderRadius": 0,
              "cursor": "default",
              "flex": 2,
              "fontFamily": "Arial",
              "fontSize": "13px",
              "height": "18px",
              "marginBottom": "7px",
              "marginLeft": "5px",
              "marginRight": "3px",
              "outline": "none",
              "padding": "4px",
            }
          }
          type="text"
          value=""
        />
        <input
          disabled={true}
          onClick={[Function]}
          style={
            {
              "WebkitAppearance": "none",
              "backgroundColor": "#D9D9D9",
              "border": "1px solid silver",
              "borderRadius": 0,
              "color": "gray",
              "fontFamily": "Arial",
              "fontSize": "13px",
              "height": "28px",
              "marginLeft": "2px",
              "marginRight": "5px",
              "width": "99px",
            }
          }
          type="submit"
          value="SEND"
        />
      </div>
      <div
        style={
          {
            "backgroundColor": "white",
            "bottom": 0,
            "height": "137px",
            "left": 0,
            "overflow": "scroll",
            "position": "fixed",
            "right": 0,
          }
        }
      >
        <div
          style={
            {
              "MozUserSelect": "text",
              "WebkitUserSelect": "text",
              "fontFamily": "monospace,monospace",
              "overflowWrap": "break-word",
              "padding": "10px",
              "userSelect": "text",
              "whiteSpace": "pre-line",
            }
          }
        />
      </div>
    </div>
  </div>,
]
`;
