// Jest Snapshot v1, https://goo.gl/fbAQLP

exports[`PinsAnalogItem Rendering 1 1`] = `
<div
  style={
    {
      "alignItems": "center",
      "backgroundColor": "black",
      "borderRadius": "16px",
      "color": "white",
      "cursor": "default",
      "display": "flex",
      "float": "left",
      "fontFamily": "Arial",
      "fontSize": "11px",
      "height": "16px",
      "justifyContent": "center",
      "marginLeft": "4px",
      "marginTop": "4px",
      "width": "40px",
    }
  }
/>
`;
