// Jest Snapshot v1, https://goo.gl/fbAQLP

exports[`SerialMonitor Rendering 1 1`] = `
<div
  style={
    {
      "backgroundColor": "#F2F2F2",
      "borderBottom": "1px solid #D3D3D3",
    }
  }
>
  <div
    style={
      {
        "cursor": "default",
        "float": "left",
        "fontFamily": "Arial",
        "fontSize": "13px",
        "fontWeight": "bold",
        "lineHeight": 2,
        "marginLeft": "7px",
        "marginRight": "1px",
      }
    }
  >
    SERIAL MONITOR
  </div>
  <div
    style={
      {
        "display": "flex",
        "width": "100%",
      }
    }
  >
    <input
      onChange={[Function]}
      onKeyUp={[Function]}
      readOnly={true}
      style={
        {
          "WebkitAppearance": "none",
          "backgroundColor": "#D9D9D9",
          "border": "1px solid silver",
          "borderRadius": 0,
          "cursor": "default",
          "flex": 2,
          "fontFamily": "Arial",
          "fontSize": "13px",
          "height": "18px",
          "marginBottom": "7px",
          "marginLeft": "5px",
          "marginRight": "3px",
          "outline": "none",
          "padding": "4px",
        }
      }
      type="text"
      value=""
    />
    <input
      disabled={true}
      onClick={[Function]}
      style={
        {
          "WebkitAppearance": "none",
          "backgroundColor": "#D9D9D9",
          "border": "1px solid silver",
          "borderRadius": 0,
          "color": "gray",
          "fontFamily": "Arial",
          "fontSize": "13px",
          "height": "28px",
          "marginLeft": "2px",
          "marginRight": "5px",
          "width": "99px",
        }
      }
      type="submit"
      value="SEND"
    />
  </div>
  <div
    style={
      {
        "backgroundColor": "white",
        "bottom": 0,
        "height": "137px",
        "left": 0,
        "overflow": "scroll",
        "position": "fixed",
        "right": 0,
      }
    }
  >
    <div
      style={
        {
          "MozUserSelect": "text",
          "WebkitUserSelect": "text",
          "fontFamily": "monospace,monospace",
          "overflowWrap": "break-word",
          "padding": "10px",
          "userSelect": "text",
          "whiteSpace": "pre-line",
        }
      }
    />
  </div>
</div>
`;
